// Jest Snapshot v1, https://goo.gl/fbAQLP

exports[`ConnectedUserDashboard renders correctly 1`] = `
<body>
  <div>
    <div>
      <h1
        class="sc-htoDjs awifR"
      >
        Latest Reviews
      </h1>
      <div
        class="sc-ifAKCX hGuNVX"
      >
        <div
          class="empty-state"
        >
          <div
            class="ant-spin ant-spin-spinning"
          >
            <span
              class="ant-spin-dot ant-spin-dot-spin"
            >
              <i
                class="ant-spin-dot-item"
              />
              <i
                class="ant-spin-dot-item"
              />
              <i
                class="ant-spin-dot-item"
              />
              <i
                class="ant-spin-dot-item"
              />
            </span>
          </div>
        </div>
      </div>
    </div>
  </div>
</body>
`;
