// Jest Snapshot v1, https://goo.gl/fbAQLP

exports[`Action/types Auth testing Displays a snapshot for Auth testing 1`] = `<div />`;

exports[`Action/types Auth testing Displays a snapshot for Auth testing 2`] = `<DocumentFragment />`;

exports[`Action/types Auth testing Displays a snapshot for Login testing 1`] = `<div />`;

exports[`Action/types Auth testing Displays a snapshot for Login testing 2`] = `<DocumentFragment />`;

exports[`Action/types Auth testing Displays a snapshot for Logout testing 1`] = `<div />`;

exports[`Action/types Auth testing Displays a snapshot for Logout testing 2`] = `<DocumentFragment />`;
